[INFO] Scanning for projects...
[INFO] 
[INFO] ---------------< com.pastoral.petstore:petstore-backend >---------------
[INFO] Building Petstore Backend 1.0.0
[INFO]   from pom.xml
[INFO] --------------------------------[ jar ]---------------------------------
[INFO] 
[INFO] --- resources:3.3.1:resources (default-resources) @ petstore-backend ---
[INFO] Copying 2 resources from src\main\resources to target\classes
[INFO] Copying 3 resources from src\main\resources to target\classes
[INFO] 
[INFO] --- compiler:3.13.0:compile (default-compile) @ petstore-backend ---
[INFO] Recompiling the module because of changed source code.
[INFO] Compiling 12 source files with javac [debug parameters release 26] to target\classes
mvn : WARNING: A terminally deprecated method in 
sun.misc.Unsafe has been called
At line:1 char:1
+ mvn compile > compile_output.txt 2>&1
+ ~~~~~~~~~~~~~~~~~~~~~~~~~~~~~~~~~~~~~
    + CategoryInfo          : NotSpecified: (WARNING: A t 
   erm...has been called:String) [], RemoteException
    + FullyQualifiedErrorId : NativeCommandError
 
WARNING: sun.misc.Unsafe::objectFieldOffset has been 
called by lombok.permit.Permit
WARNING: Please consider reporting this to the 
maintainers of class lombok.permit.Permit
WARNING: sun.misc.Unsafe::objectFieldOffset will be 
removed in a future release
[INFO] -------------------------------------------------------------
[ERROR] COMPILATION ERROR : 
[INFO] -------------------------------------------------------------
[ERROR] /C:/petstore/backend/src/main/java/com/pastoral/petstore/listing/service/ListingService.java:[93,44] cannot find symbol
  symbol:   class PetListingRequest
  location: class com.pastoral.petstore.listing.service.ListingService
[ERROR] /C:/petstore/backend/src/main/java/com/pastoral/petstore/listing/service/ListingService.java:[117,53] cannot find symbol
  symbol:   class PetListingRequest
  location: class com.pastoral.petstore.listing.service.ListingService
[INFO] 2 errors 
[INFO] -------------------------------------------------------------
[INFO] ------------------------------------------------------------------------
[INFO] BUILD FAILURE
[INFO] ------------------------------------------------------------------------
[INFO] Total time:  4.450 s
[INFO] Finished at: 2026-05-05T16:10:44+08:00
[INFO] ------------------------------------------------------------------------
[ERROR] Failed to execute goal org.apache.maven.plugins:maven-compiler-plugin:3.13.0:compile (default-compile) on project petstore-backend: Compilation failure: Compilation failure: 
[ERROR] /C:/petstore/backend/src/main/java/com/pastoral/petstore/listing/service/ListingService.java:[93,44] cannot find symbol
[ERROR]   symbol:   class PetListingRequest
[ERROR]   location: class com.pastoral.petstore.listing.service.ListingService
[ERROR] /C:/petstore/backend/src/main/java/com/pastoral/petstore/listing/service/ListingService.java:[117,53] cannot find symbol
[ERROR]   symbol:   class PetListingRequest
[ERROR]   location: class com.pastoral.petstore.listing.service.ListingService
[ERROR] -> [Help 1]
[ERROR] 
[ERROR] To see the full stack trace of the errors, re-run Maven with the -e switch.
[ERROR] Re-run Maven using the -X switch to enable full debug logging.
[ERROR] 
[ERROR] For more information about the errors and possible solutions, please read the following articles:
[ERROR] [Help 1] http://cwiki.apache.org/confluence/display/MAVEN/MojoFailureException
